Archive member included to satisfy reference by file (symbol)

c:/nxp/mcuxpressoide_10.2.0_759/ide/tools/bin/../lib/gcc/arm-none-eabi/7.2.1/../../../../arm-none-eabi/lib/thumb/v6-m\libcr_semihost_nf.a(_cr__main.o)
                              ./startup/startup_mkl27z644.o (__main)
c:/nxp/mcuxpressoide_10.2.0_759/ide/tools/bin/../lib/gcc/arm-none-eabi/7.2.1/../../../../arm-none-eabi/lib/thumb/v6-m\libcr_semihost_nf.a(_cr_assert.o)
                              ./utilities/fsl_debug_console.o (__assertion_failed)
c:/nxp/mcuxpressoide_10.2.0_759/ide/tools/bin/../lib/gcc/arm-none-eabi/7.2.1/../../../../arm-none-eabi/lib/thumb/v6-m\libcr_semihost_nf.a(__ciob.o)
                              c:/nxp/mcuxpressoide_10.2.0_759/ide/tools/bin/../lib/gcc/arm-none-eabi/7.2.1/../../../../arm-none-eabi/lib/thumb/v6-m\libcr_semihost_nf.a(_cr_assert.o) (__Ciob)
c:/nxp/mcuxpressoide_10.2.0_759/ide/tools/bin/../lib/gcc/arm-none-eabi/7.2.1/../../../../arm-none-eabi/lib/thumb/v6-m\libcr_semihost_nf.a(__sys_appexit.o)
                              c:/nxp/mcuxpressoide_10.2.0_759/ide/tools/bin/../lib/gcc/arm-none-eabi/7.2.1/../../../../arm-none-eabi/lib/thumb/v6-m\libcr_semihost_nf.a(_cr_assert.o) (__sys_appexit)
c:/nxp/mcuxpressoide_10.2.0_759/ide/tools/bin/../lib/gcc/arm-none-eabi/7.2.1/../../../../arm-none-eabi/lib/thumb/v6-m\libcr_c.a(memcpy.o)
                              ./drivers/fsl_flash.o (memcpy)
c:/nxp/mcuxpressoide_10.2.0_759/ide/tools/bin/../lib/gcc/arm-none-eabi/7.2.1/../../../../arm-none-eabi/lib/thumb/v6-m\libcr_c.a(memset.o)
                              ./drivers/fsl_flash.o (memset)
c:/nxp/mcuxpressoide_10.2.0_759/ide/tools/bin/../lib/gcc/arm-none-eabi/7.2.1/../../../../arm-none-eabi/lib/thumb/v6-m\libcr_c.a(_deferredlazyseek.o)
                              c:/nxp/mcuxpressoide_10.2.0_759/ide/tools/bin/../lib/gcc/arm-none-eabi/7.2.1/../../../../arm-none-eabi/lib/thumb/v6-m\libcr_semihost_nf.a(_cr_assert.o) (__flsbuf)
c:/nxp/mcuxpressoide_10.2.0_759/ide/tools/bin/../lib/gcc/arm-none-eabi/7.2.1/../../../../arm-none-eabi/lib/thumb/v6-m\libcr_c.a(_fflush.o)
                              c:/nxp/mcuxpressoide_10.2.0_759/ide/tools/bin/../lib/gcc/arm-none-eabi/7.2.1/../../../../arm-none-eabi/lib/thumb/v6-m\libcr_c.a(_deferredlazyseek.o) (_fflush)
c:/nxp/mcuxpressoide_10.2.0_759/ide/tools/bin/../lib/gcc/arm-none-eabi/7.2.1/../../../../arm-none-eabi/lib/thumb/v6-m\libcr_c.a(_writebuf.o)
                              c:/nxp/mcuxpressoide_10.2.0_759/ide/tools/bin/../lib/gcc/arm-none-eabi/7.2.1/../../../../arm-none-eabi/lib/thumb/v6-m\libcr_c.a(_deferredlazyseek.o) (_Cwritebuf)
c:/nxp/mcuxpressoide_10.2.0_759/ide/tools/bin/../lib/gcc/arm-none-eabi/7.2.1/../../../../arm-none-eabi/lib/thumb/v6-m\libcr_c.a(alloc.o)
                              c:/nxp/mcuxpressoide_10.2.0_759/ide/tools/bin/../lib/gcc/arm-none-eabi/7.2.1/../../../../arm-none-eabi/lib/thumb/v6-m\libcr_c.a(_deferredlazyseek.o) (_Csys_alloc)
c:/nxp/mcuxpressoide_10.2.0_759/ide/tools/bin/../lib/gcc/arm-none-eabi/7.2.1/../../../../arm-none-eabi/lib/thumb/v6-m\libcr_c.a(fputs.o)
                              c:/nxp/mcuxpressoide_10.2.0_759/ide/tools/bin/../lib/gcc/arm-none-eabi/7.2.1/../../../../arm-none-eabi/lib/thumb/v6-m\libcr_semihost_nf.a(_cr_assert.o) (fputs)
c:/nxp/mcuxpressoide_10.2.0_759/ide/tools/bin/../lib/gcc/arm-none-eabi/7.2.1/../../../../arm-none-eabi/lib/thumb/v6-m\libcr_c.a(fseek.o)
                              c:/nxp/mcuxpressoide_10.2.0_759/ide/tools/bin/../lib/gcc/arm-none-eabi/7.2.1/../../../../arm-none-eabi/lib/thumb/v6-m\libcr_c.a(_deferredlazyseek.o) (fseek)
c:/nxp/mcuxpressoide_10.2.0_759/ide/tools/bin/../lib/gcc/arm-none-eabi/7.2.1/../../../../arm-none-eabi/lib/thumb/v6-m\libcr_c.a(ftell.o)
                              c:/nxp/mcuxpressoide_10.2.0_759/ide/tools/bin/../lib/gcc/arm-none-eabi/7.2.1/../../../../arm-none-eabi/lib/thumb/v6-m\libcr_c.a(fseek.o) (ftell)
c:/nxp/mcuxpressoide_10.2.0_759/ide/tools/bin/../lib/gcc/arm-none-eabi/7.2.1/../../../../arm-none-eabi/lib/thumb/v6-m\libcr_c.a(initio.o)
                              c:/nxp/mcuxpressoide_10.2.0_759/ide/tools/bin/../lib/gcc/arm-none-eabi/7.2.1/../../../../arm-none-eabi/lib/thumb/v6-m\libcr_semihost_nf.a(_cr__main.o) (_initio)
c:/nxp/mcuxpressoide_10.2.0_759/ide/tools/bin/../lib/gcc/arm-none-eabi/7.2.1/../../../../arm-none-eabi/lib/thumb/v6-m\libcr_c.a(setvbuf.o)
                              c:/nxp/mcuxpressoide_10.2.0_759/ide/tools/bin/../lib/gcc/arm-none-eabi/7.2.1/../../../../arm-none-eabi/lib/thumb/v6-m\libcr_c.a(initio.o) (setvbuf)
c:/nxp/mcuxpressoide_10.2.0_759/ide/tools/bin/../lib/gcc/arm-none-eabi/7.2.1/../../../../arm-none-eabi/lib/thumb/v6-m\libcr_c.a(strlen.o)
                              ./utilities/fsl_str.o (strlen)
c:/nxp/mcuxpressoide_10.2.0_759/ide/tools/bin/../lib/gcc/arm-none-eabi/7.2.1/../../../../arm-none-eabi/lib/thumb/v6-m\libcr_c.a(__init_alloc.o)
[...]
Memory Configuration

Name             Origin             Length             Attributes
PROGRAM_FLASH    0x00000000         0x00010000         xr
SRAM             0x1ffff000         0x00004000         xrw
USB_RAM          0x400fe000         0x00000200         xrw
*default*        0x00000000         0xffffffff

Linker script and memory map

LOAD ./utilities/fsl_debug_console.o
LOAD ./utilities/fsl_io.o
LOAD ./utilities/fsl_log.o
LOAD ./utilities/fsl_str.o
LOAD ./startup/startup_mkl27z644.o
LOAD ./source/Debouncer.o
LOAD ./source/DisplayControl.o
LOAD ./source/Driver_Uart.o
LOAD ./source/GPIODriver.o
LOAD ./source/MotorDriver.o
LOAD ./source/Practica2Transmission.o
LOAD ./source/SpeedDometer.o
LOAD ./source/StateMachine.o
LOAD ./source/mtb.o
LOAD ./source/semihost_hardfault.o
LOAD ./drivers/fsl_clock.o
LOAD ./drivers/fsl_common.o
LOAD ./drivers/fsl_flash.o
LOAD ./drivers/fsl_gpio.o
LOAD ./drivers/fsl_lpuart.o
LOAD ./drivers/fsl_smc.o
LOAD ./drivers/fsl_uart.o
LOAD ./board/board.o
LOAD ./board/clock_config.o
LOAD ./board/peripherals.o
LOAD ./board/pin_mux.o
LOAD ./CMSIS/system_MKL27Z644.o
START GROUP
LOAD c:/nxp/mcuxpressoide_10.2.0_759/ide/tools/bin/../lib/gcc/arm-none-eabi/7.2.1/../../../../arm-none-eabi/lib/thumb/v6-m\libcr_semihost_nf.a
LOAD c:/nxp/mcuxpressoide_10.2.0_759/ide/tools/bin/../lib/gcc/arm-none-eabi/7.2.1/../../../../arm-none-eabi/lib/thumb/v6-m\libcr_c.a
LOAD c:/nxp/mcuxpressoide_10.2.0_759/ide/tools/bin/../lib/gcc/arm-none-eabi/7.2.1/thumb/v6-m\libcr_eabihelpers.a
END GROUP
                0x00000000                __base_PROGRAM_FLASH = 0x0
                0x00000000                __base_Flash = 0x0
                0x00010000                __top_PROGRAM_FLASH = 0x10000
                0x00010000                __top_Flash = 0x10000
                0x1ffff000                __base_SRAM = 0x1ffff000
                0x1ffff000                __base_RAM = 0x1ffff000
                0x20003000                __top_SRAM = 0x20003000
                0x20003000                __top_RAM = 0x20003000
                0x400fe000                __base_USB_RAM = 0x400fe000
                0x400fe000                __base_RAM2 = 0x400fe000
                0x400fe200                __top_USB_RAM = 0x400fe200
                0x400fe200                __top_RAM2 = 0x400fe200

.text           0x00000000     0x25bc
 FILL mask 0xff
                0x00000000                __vectors_start__ = ABSOLUTE (.)
 *(.isr_vector)
 .isr_vector    0x00000000       0xc0 ./startup/startup_mkl27z644.o
                0x00000000                g_pfnVectors
                0x00000000                __Vectors
                0x000000c0                . = ALIGN (0x4)
                0x000000c0                __section_table_start = .
                0x000000c0                __data_section_table = .
                0x000000c0        0x4 LONG 0x25bc LOADADDR (.data)
                0x000000c4        0x4 LONG 0x1ffff080 ADDR (.data)
                0x000000c8        0x4 LONG 0x1c SIZEOF (.data)
                0x000000cc        0x4 LONG 0x25bc LOADADDR (.data_RAM2)
                0x000000d0        0x4 LONG 0x400fe000 ADDR (.data_RAM2)
                0x000000d4        0x4 LONG 0x0 SIZEOF (.data_RAM2)
                0x000000d8                __data_section_table_end = .
                0x000000d8                __bss_section_table = .
                0x000000d8        0x4 LONG 0x1ffff09c ADDR (.bss)
                0x000000dc        0x4 LONG 0x184 SIZEOF (.bss)
                0x000000e0        0x4 LONG 0x400fe000 ADDR (.bss_RAM2)
                0x000000e4        0x4 LONG 0x0 SIZEOF (.bss_RAM2)
                0x000000e8                __bss_section_table_end = .
                0x000000e8                __section_table_end = .
 *(.after_vectors*)
 .after_vectors.init_data
                0x000000e8       0x16 ./startup/startup_mkl27z644.o
                0x000000e8                data_init
 .after_vectors.init_bss
                0x000000fe       0x12 ./startup/startup_mkl27z644.o
                0x000000fe                bss_init
 .after_vectors.reset
                0x00000110       0x4c ./startup/startup_mkl27z644.o
                0x00000110                ResetISR
 .after_vectors
                0x0000015c      0x10c ./startup/startup_mkl27z644.o
                0x0000015c                NMI_Handler
                0x00000160                SVC_Handler
                0x00000162                PendSV_Handler
                0x00000164                SysTick_Handler
                0x00000166                PIT_DriverIRQHandler
                0x00000166                SPI1_DriverIRQHandler
                0x00000166                LPTMR0_DriverIRQHandler
                0x00000166                DMA0_DriverIRQHandler
                0x00000166                I2C0_DriverIRQHandler
                0x00000166                Reserved39_DriverIRQHandler
                0x00000166                Reserved42_DriverIRQHandler
                0x00000166                Reserved43_DriverIRQHandler
                0x00000166                DMA2_DriverIRQHandler
                0x00000166                TPM2_DriverIRQHandler
                0x00000166                CMP0_DriverIRQHandler
                0x00000166                ADC0_DriverIRQHandler
                0x00000166                RTC_Seconds_DriverIRQHandler
                0x00000166                LLWU_DriverIRQHandler
                0x00000166                SPI0_DriverIRQHandler
                0x00000166                I2C1_DriverIRQHandler
                0x00000166                PORTA_DriverIRQHandler
                0x00000166                PORTB_PORTC_PORTD_PORTE_DriverIRQHandler
                0x00000166                DMA1_DriverIRQHandler
                0x00000166                FTFA_DriverIRQHandler
                0x00000166                IntDefaultHandler
                0x00000166                USB0_DriverIRQHandler
                0x00000166                Reserved41_DriverIRQHandler
                0x00000166                TPM0_DriverIRQHandler
                0x00000166                PMC_DriverIRQHandler
                0x00000166                RTC_DriverIRQHandler
                0x00000166                TPM1_DriverIRQHandler
                0x00000166                Reserved20_DriverIRQHandler
                0x00000166                DMA3_DriverIRQHandler
                0x00000166                Reserved45_DriverIRQHandler
                0x00000166                UART2_FLEXIO_DriverIRQHandler
                0x00000168                DMA0_IRQHandler
                0x00000170                DMA1_IRQHandler
                0x00000178                DMA2_IRQHandler
                0x00000180                DMA3_IRQHandler
                0x00000188                Reserved20_IRQHandler
                0x00000190                FTFA_IRQHandler
                0x00000198                PMC_IRQHandler
                0x000001a0                LLWU_IRQHandler
                0x000001a8                I2C0_IRQHandler
                0x000001b0                I2C1_IRQHandler
                0x000001b8                SPI0_IRQHandler
                0x000001c0                SPI1_IRQHandler
                0x000001c8                LPUART0_IRQHandler
                0x000001d0                LPUART1_IRQHandler
                0x000001d8                UART2_FLEXIO_IRQHandler
                0x000001e0                ADC0_IRQHandler
                0x000001e8                CMP0_IRQHandler
                0x000001f0                TPM0_IRQHandler
                0x000001f8                TPM1_IRQHandler
                0x00000200                TPM2_IRQHandler
                0x00000208                RTC_IRQHandler
                0x00000210                RTC_Seconds_IRQHandler
                0x00000218                PIT_IRQHandler
                0x00000220                Reserved39_IRQHandler
                0x00000228                USB0_IRQHandler
                0x00000230                Reserved41_IRQHandler
                0x00000238                Reserved42_IRQHandler
                0x00000240                Reserved43_IRQHandler
                0x00000248                LPTMR0_IRQHandler
                0x00000250                Reserved45_IRQHandler
                0x00000258                PORTA_IRQHandler
                0x00000260                PORTB_PORTC_PORTD_PORTE_IRQHandler
                0x00000400                . = 0x400
 *fill*         0x00000268      0x198 ff
                0x00000400                PROVIDE (__FLASH_CONFIG_START__, .)
 *(.FlashConfig)
 .FlashConfig   0x00000400       0x10 ./startup/startup_mkl27z644.o
                0x00000400                Flash_Config
                0x00000410                PROVIDE (__FLASH_CONFIG_END__, .)
                0x00000001                ASSERT (! ((__FLASH_CONFIG_START__ == __FLASH_CONFIG_END__)), Linker Flash Config Support Enabled, but no .FlashConfig section provided within application)
 *(.text*)
 .text.vnf_Debouncer
                0x00000410      0x118 ./source/Debouncer.o
                0x00000410                vnf_Debouncer
 .text.vnf_DebouncerSingle
                0x00000528      0x13c ./source/Debouncer.o
                0x00000528                vnf_DebouncerSingle
 .text.vnf_DebouncerCheck
                0x00000664       0x24 ./source/Debouncer.o
                0x00000664                vnf_DebouncerCheck
 .text.vnf_DebouncerCheck2
                0x00000688       0x24 ./source/Debouncer.o
                0x00000688                vnf_DebouncerCheck2
 .text.vnf_DebouncerCheck3
                0x000006ac       0x24 ./source/Debouncer.o
                0x000006ac                vnf_DebouncerCheck3
 .text.vnf_DebouncerCheck4
                0x000006d0       0x24 ./source/Debouncer.o
                0x000006d0                vnf_DebouncerCheck4
 .text.vnf_DebouncerCheck5
                0x000006f4       0x24 ./source/Debouncer.o
                0x000006f4                vnf_DebouncerCheck5
 .text.Bcd2SevenSegments
                0x00000718      0x324 ./source/DisplayControl.o
                0x00000718                Bcd2SevenSegments
 .text.cleardisplay
                0x00000a3c       0x40 ./source/DisplayControl.o
                0x00000a3c                cleardisplay
 .text.OneHot   0x00000a7c       0x8c ./source/DisplayControl.o
                0x00000a7c                OneHot
 .text.controldepantallas
                0x00000b08       0x98 ./source/DisplayControl.o
                0x00000b08                controldepantallas
 .text.clearsegments
                0x00000ba0       0x7c ./source/DisplayControl.o
                0x00000ba0                clearsegments
 .text.UART_vfnDriverInit
                0x00000c1c       0xdc ./source/Driver_Uart.o
                0x00000c1c                UART_vfnDriverInit
 .text.UART_bfnRead
                0x00000cf8       0x30 ./source/Driver_Uart.o
                0x00000cf8                UART_bfnRead
 .text.UART_bfnSend
                0x00000d28       0x30 ./source/Driver_Uart.o
                0x00000d28                UART_bfnSend
 .text.PortInit
                0x00000d58      0x204 ./source/GPIODriver.o
                0x00000d58                PortInit
 .text.PWM_vfnDriverInit
                0x00000f5c       0xe4 ./source/MotorDriver.o
                0x00000f5c                PWM_vfnDriverInit
 .text.EngineSpeeds
                0x00001040       0x2c ./source/MotorDriver.o
                0x00001040                EngineSpeeds
 .text.PositivePolarity
                0x0000106c       0x30 ./source/MotorDriver.o
                0x0000106c                PositivePolarity
 .text.NegativePolarity
                0x0000109c       0x2c ./source/MotorDriver.o
                0x0000109c                NegativePolarity
 .text.main     0x000010c8       0x1a ./source/Practica2Transmission.o
                0x000010c8                main
 *fill*         0x000010e2        0x2 ff
 .text.PWM_vfnDriverInitSpeedDometer
                0x000010e4       0xec ./source/SpeedDometer.o
                0x000010e4                PWM_vfnDriverInitSpeedDometer
 .text.PWM_bfnAngleAdjustment
                0x000011d0       0x50 ./source/SpeedDometer.o
                0x000011d0                PWM_bfnAngleAdjustment
 .text.NumToTransform
                0x00001220       0x74 ./source/StateMachine.o
                0x00001220                NumToTransform
 .text.SM_Park  0x00001294       0xf4 ./source/StateMachine.o
                0x00001294                SM_Park
 .text.SM_FirstGear
                0x00001388      0x1bc ./source/StateMachine.o
                0x00001388                SM_FirstGear
 .text.SM_SecondGear
                0x00001544      0x1b8 ./source/StateMachine.o
                0x00001544                SM_SecondGear
 .text.SM_ThirdGear
                0x000016fc      0x1b8 ./source/StateMachine.o
                0x000016fc                SM_ThirdGear
 .text.SM_FourthGear
                0x000018b4      0x188 ./source/StateMachine.o
                0x000018b4                SM_FourthGear
 .text.SM_ReverseGear
                0x00001a3c      0x174 ./source/StateMachine.o
                0x00001a3c                SM_ReverseGear
 .text.SM_FreeDiagnostic
                0x00001bb0      0x154 ./source/StateMachine.o
                0x00001bb0                SM_FreeDiagnostic
 .text.SM_SpeedCheck
                0x00001d04       0x10 ./source/StateMachine.o
                0x00001d04                SM_SpeedCheck
 .text.SM_TopSpeed
                0x00001d14       0x24 ./source/StateMachine.o
                0x00001d14                SM_TopSpeed
 .text.StateMachineControl
                0x00001d38       0x28 ./source/StateMachine.o
                0x00001d38                StateMachineControl
 .text.Uart_FreeDiagnostic
                0x00001d60       0x5c ./source/StateMachine.o
                0x00001d60                Uart_FreeDiagnostic
 .text.Uart_SpeedCheck
                0x00001dbc       0x98 ./source/StateMachine.o
                0x00001dbc                Uart_SpeedCheck
 .text.TransformAscii
                0x00001e54       0x5c ./source/StateMachine.o
                0x00001e54                TransformAscii
 .text.HardFault_Handler
                0x00001eb0       0x30 ./source/semihost_hardfault.o
                0x00001eb0                HardFault_Handler
 .text.LPUART0_DriverIRQHandler
                0x00001ee0       0x24 ./drivers/fsl_lpuart.o
                0x00001ee0                LPUART0_DriverIRQHandler
 .text.LPUART1_DriverIRQHandler
                0x00001f04       0x24 ./drivers/fsl_lpuart.o
                0x00001f04                LPUART1_DriverIRQHandler
 .text.SystemInit
                0x00001f28       0x3c ./CMSIS/system_MKL27Z644.o
                0x00001f28                SystemInit
 .text.__main   0x00001f64        0xc c:/nxp/mcuxpressoide_10.2.0_759/ide/tools/bin/../lib/gcc/arm-none-eabi/7.2.1/../../../../arm-none-eabi/lib/thumb/v6-m\libcr_semihost_nf.a(_cr__main.o)
                0x00001f64                __CR_SEMIHOST
                0x00001f64                __main
 .text.memset   0x00001f70        0x8 c:/nxp/mcuxpressoide_10.2.0_759/ide/tools/bin/../lib/gcc/arm-none-eabi/7.2.1/../../../../arm-none-eabi/lib/thumb/v6-m\libcr_c.a(memset.o)
                0x00001f70                memset
 .text._deferredlazyseek
                0x00001f78       0x40 c:/nxp/mcuxpressoide_10.2.0_759/ide/tools/bin/../lib/gcc/arm-none-eabi/7.2.1/../../../../arm-none-eabi/lib/thumb/v6-m\libcr_c.a(_deferredlazyseek.o)
                0x00001f78                _deferredlazyseek
 .text._fflush  0x00001fb8       0x5c c:/nxp/mcuxpressoide_10.2.0_759/ide/tools/bin/../lib/gcc/arm-none-eabi/7.2.1/../../../../arm-none-eabi/lib/thumb/v6-m\libcr_c.a(_fflush.o)
                0x00001fb8                _fflush
 .text._Cwritebuf
                0x00002014       0x68 c:/nxp/mcuxpressoide_10.2.0_759/ide/tools/bin/../lib/gcc/arm-none-eabi/7.2.1/../../../../arm-none-eabi/lib/thumb/v6-m\libcr_c.a(_writebuf.o)
                0x00002014                _Cwritebuf
 .text.free     0x0000207c       0x2c c:/nxp/mcuxpressoide_10.2.0_759/ide/tools/bin/../lib/gcc/arm-none-eabi/7.2.1/../../../../arm-none-eabi/lib/thumb/v6-m\libcr_c.a(alloc.o)
                0x0000207c                free
 .text.fseek    0x000020a8       0xf0 c:/nxp/mcuxpressoide_10.2.0_759/ide/tools/bin/../lib/gcc/arm-none-eabi/7.2.1/../../../../arm-none-eabi/lib/thumb/v6-m\libcr_c.a(fseek.o)
                0x000020a8                fseek
 .text.ftell    0x00002198       0x48 c:/nxp/mcuxpressoide_10.2.0_759/ide/tools/bin/../lib/gcc/arm-none-eabi/7.2.1/../../../../arm-none-eabi/lib/thumb/v6-m\libcr_c.a(ftell.o)
                0x00002198                ftell
 .text._initio  0x000021e0       0x7c c:/nxp/mcuxpressoide_10.2.0_759/ide/tools/bin/../lib/gcc/arm-none-eabi/7.2.1/../../../../arm-none-eabi/lib/thumb/v6-m\libcr_c.a(initio.o)
                0x000021e0                _initio
 .text.setvbuf  0x0000225c       0x48 c:/nxp/mcuxpressoide_10.2.0_759/ide/tools/bin/../lib/gcc/arm-none-eabi/7.2.1/../../../../arm-none-eabi/lib/thumb/v6-m\libcr_c.a(setvbuf.o)
                0x0000225c                setvbuf
 .text.strlen   0x000022a4       0x58 c:/nxp/mcuxpressoide_10.2.0_759/ide/tools/bin/../lib/gcc/arm-none-eabi/7.2.1/../../../../arm-none-eabi/lib/thumb/v6-m\libcr_c.a(strlen.o)
                0x000022a4                strlen
 .text._fdopen  0x000022fc       0x74 c:/nxp/mcuxpressoide_10.2.0_759/ide/tools/bin/../lib/gcc/arm-none-eabi/7.2.1/../../../../arm-none-eabi/lib/thumb/v6-m\libcr_c.a(_fdopen.o)
                0x000022fc                _fdopen
 .text.fclose   0x00002370       0x5c c:/nxp/mcuxpressoide_10.2.0_759/ide/tools/bin/../lib/gcc/arm-none-eabi/7.2.1/../../../../arm-none-eabi/lib/thumb/v6-m\libcr_c.a(fclose.o)
                0x00002370                fclose
 .text.fflush   0x000023cc       0x44 c:/nxp/mcuxpressoide_10.2.0_759/ide/tools/bin/../lib/gcc/arm-none-eabi/7.2.1/../../../../arm-none-eabi/lib/thumb/v6-m\libcr_c.a(fflush.o)
                0x000023cc                fflush
 .text.remove   0x00002410       0x12 c:/nxp/mcuxpressoide_10.2.0_759/ide/tools/bin/../lib/gcc/arm-none-eabi/7.2.1/../../../../arm-none-eabi/lib/thumb/v6-m\libcr_c.a(remove.o)
                0x00002410                remove
 *fill*         0x00002422        0x2 ff
 .text._do_fflush
                0x00002424       0x44 c:/nxp/mcuxpressoide_10.2.0_759/ide/tools/bin/../lib/gcc/arm-none-eabi/7.2.1/../../../../arm-none-eabi/lib/thumb/v6-m\libcr_c.a(_do_fflush.o)
                0x00002424                _do_fflush
 .text.__aeabi_division_idivmod
                0x00002468       0x78 c:/nxp/mcuxpressoide_10.2.0_759/ide/tools/bin/../lib/gcc/arm-none-eabi/7.2.1/thumb/v6-m\libcr_eabihelpers.a(division_32.o)
                0x00002468                __aeabi_idivmod
                0x00002468                __aeabi_idiv
                0x0000246e                __aeabi_uidivmod
                0x0000246e                __aeabi_uidiv
 .text.__aeabi_division_idiv0
                0x000024e0        0x2 c:/nxp/mcuxpressoide_10.2.0_759/ide/tools/bin/../lib/gcc/arm-none-eabi/7.2.1/thumb/v6-m\libcr_eabihelpers.a(division_idiv0.o)
                0x000024e0                __aeabi_idiv0
 .text.__aeabi_memset_lowlevel
                0x000024e2       0x2a c:/nxp/mcuxpressoide_10.2.0_759/ide/tools/bin/../lib/gcc/arm-none-eabi/7.2.1/thumb/v6-m\libcr_eabihelpers.a(memcpy.o)
                0x000024e2                __aeabi_lowlevel_memset
 .text.__sys_close
                0x0000250c        0xc c:/nxp/mcuxpressoide_10.2.0_759/ide/tools/bin/../lib/gcc/arm-none-eabi/7.2.1/../../../../arm-none-eabi/lib/thumb/v6-m\libcr_semihost_nf.a(__sys_close.o)
                0x0000250c                __sys_close
 .text.__sys_flen
                0x00002518        0xc c:/nxp/mcuxpressoide_10.2.0_759/ide/tools/bin/../lib/gcc/arm-none-eabi/7.2.1/../../../../arm-none-eabi/lib/thumb/v6-m\libcr_semihost_nf.a(__sys_flen.o)
                0x00002518                __sys_flen
 .text.__sys_istty
                0x00002524        0xc c:/nxp/mcuxpressoide_10.2.0_759/ide/tools/bin/../lib/gcc/arm-none-eabi/7.2.1/../../../../arm-none-eabi/lib/thumb/v6-m\libcr_semihost_nf.a(__sys_istty.o)
                0x00002524                __sys_istty
 .text.__sys_remove
                0x00002530        0xc c:/nxp/mcuxpressoide_10.2.0_759/ide/tools/bin/../lib/gcc/arm-none-eabi/7.2.1/../../../../arm-none-eabi/lib/thumb/v6-m\libcr_semihost_nf.a(__sys_remove.o)
                0x00002530                __sys_remove
 .text.__sys_seek
                0x0000253c        0xc c:/nxp/mcuxpressoide_10.2.0_759/ide/tools/bin/../lib/gcc/arm-none-eabi/7.2.1/../../../../arm-none-eabi/lib/thumb/v6-m\libcr_semihost_nf.a(__sys_seek.o)
                0x0000253c                __sys_seek
 .text.__sys_tmpnam
                0x00002548        0xc c:/nxp/mcuxpressoide_10.2.0_759/ide/tools/bin/../lib/gcc/arm-none-eabi/7.2.1/../../../../arm-none-eabi/lib/thumb/v6-m\libcr_semihost_nf.a(__sys_tmpnam.o)
                0x00002548                __sys_tmpnam
 .text.__sys_write
                0x00002554        0xc c:/nxp/mcuxpressoide_10.2.0_759/ide/tools/bin/../lib/gcc/arm-none-eabi/7.2.1/../../../../arm-none-eabi/lib/thumb/v6-m\libcr_semihost_nf.a(__sys_write.o)
                0x00002554                __sys_write
 *(.rodata .rodata.* .constdata .constdata.*)
 .rodata.Bcd2SevenSegments
                0x00002560       0x30 ./source/DisplayControl.o
 .rodata.SM_pvaMonitor
                0x00002590       0x24 ./source/StateMachine.o
 .rodata.__num_Ciob_streams
                0x000025b4        0x4 c:/nxp/mcuxpressoide_10.2.0_759/ide/tools/bin/../lib/gcc/arm-none-eabi/7.2.1/../../../../arm-none-eabi/lib/thumb/v6-m\libcr_semihost_nf.a(__ciob.o)
                0x000025b4                __num_Ciob_streams
 .rodata._initio.str1.1
                0x000025b8        0x4 c:/nxp/mcuxpressoide_10.2.0_759/ide/tools/bin/../lib/gcc/arm-none-eabi/7.2.1/../../../../arm-none-eabi/lib/thumb/v6-m\libcr_c.a(initio.o)
                0x000025bc                . = ALIGN (0x4)

.glue_7         0x000025bc        0x0
 .glue_7        0x000025bc        0x0 linker stubs

.glue_7t        0x000025bc        0x0
 .glue_7t       0x000025bc        0x0 linker stubs

.vfp11_veneer   0x000025bc        0x0
 .vfp11_veneer  0x000025bc        0x0 linker stubs

.v4_bx          0x000025bc        0x0
 .v4_bx         0x000025bc        0x0 linker stubs

.iplt           0x000025bc        0x0
 .iplt          0x000025bc        0x0 ./startup/startup_mkl27z644.o

.rel.dyn        0x000025bc        0x0
 .rel.iplt      0x000025bc        0x0 ./startup/startup_mkl27z644.o

.ARM.extab
 *(.ARM.extab* .gnu.linkonce.armextab.*)
                0x000025bc                __exidx_start = .

.ARM.exidx
 *(.ARM.exidx* .gnu.linkonce.armexidx.*)
                0x000025bc                __exidx_end = .
                0x000025bc                _etext = .

.m_usb_data
 *(m_usb_bdt)

.mtb_buffer_RAM2
 *(.mtb.$RAM2*)
 *(.mtb.$USB_RAM*)

.data_RAM2      0x400fe000        0x0 load address 0x000025bc
 FILL mask 0xff
                [!provide]                PROVIDE (__start_data_RAM2, .)
 *(.ramfunc.$RAM2)
 *(.ramfunc.$USB_RAM)
 *(.data.$RAM2*)
 *(.data.$USB_RAM*)
                0x400fe000                . = ALIGN (0x4)
                [!provide]                PROVIDE (__end_data_RAM2, .)

.mtb_buffer_default
                0x1ffff000       0x80
 *(.mtb*)
 .mtb.$RAM1     0x1ffff000       0x80 ./source/mtb.o
                0x1ffff000                __mtb_buffer__

.uninit_RESERVED
                0x1ffff080        0x0
 *(.bss.$RESERVED*)
                0x1ffff080                . = ALIGN (0x4)
                0x1ffff080                _end_uninit_RESERVED = .

.data           0x1ffff080       0x1c load address 0x000025bc
 FILL mask 0xff
                0x1ffff080                _data = .
 *(vtable)
 *(.ramfunc*)
 *(.data*)
 .data.control  0x1ffff080        0x1 ./source/DisplayControl.o
                0x1ffff080                control
 *fill*         0x1ffff081        0x3 ff
 .data.Delay    0x1ffff084        0x4 ./source/StateMachine.o
 .data.uaVector
                0x1ffff088       0x11 ./source/StateMachine.o
                0x1ffff09c                . = ALIGN (0x4)
 *fill*         0x1ffff099        0x3 ff
                0x1ffff09c                _edata = .

.igot.plt       0x1ffff09c        0x0 load address 0x000025d8
 .igot.plt      0x1ffff09c        0x0 ./startup/startup_mkl27z644.o

.bss_RAM2       0x400fe000        0x0
                [!provide]                PROVIDE (__start_bss_RAM2, .)
 *(.bss.$RAM2*)
 *(.bss.$USB_RAM*)
                0x400fe000                . = ALIGN ((. != 0x0)?0x4:0x1)
                [!provide]                PROVIDE (__end_bss_RAM2, .)

.bss            0x1ffff09c      0x184
                0x1ffff09c                _bss = .
 *(.bss*)
 .bss.IndexButton
                0x1ffff09c        0x4 ./source/Debouncer.o
                0x1ffff09c                IndexButton
 .bss.Index     0x1ffff0a0       0x18 ./source/Debouncer.o
 .bss.Samples   0x1ffff0b8       0x48 ./source/Debouncer.o
 .bss.StableValue
                0x1ffff100       0x18 ./source/Debouncer.o
 .bss.ReadValue
                0x1ffff118       0x18 ./source/Debouncer.o
 .bss.AcelBtn   0x1ffff130        0x4 ./source/StateMachine.o
 .bss.StopBtn   0x1ffff134        0x4 ./source/StateMachine.o
 .bss.ClutchBtn
                0x1ffff138        0x4 ./source/StateMachine.o
 .bss.UpGear    0x1ffff13c        0x4 ./source/StateMachine.o
 .bss.DownGear  0x1ffff140        0x4 ./source/StateMachine.o
 .bss.u8TercerDisplay
                0x1ffff144        0x4 ./source/StateMachine.o
 .bss.u8SegundoDisplay
                0x1ffff148        0x4 ./source/StateMachine.o
 .bss.u8PrimerDisplay
                0x1ffff14c        0x4 ./source/StateMachine.o
 .bss.u16CurrentState
                0x1ffff150        0x2 ./source/StateMachine.o
 .bss.EngineSpeed
                0x1ffff152        0x1 ./source/StateMachine.o
 .bss.datosTrans2
                0x1ffff153        0x1 ./source/StateMachine.o
 .bss.dato      0x1ffff154        0x1 ./source/StateMachine.o
 .bss.DatoTransmitir
                0x1ffff155        0x1 ./source/StateMachine.o
 .bss.dato2     0x1ffff156        0x1 ./source/StateMachine.o
                0x1ffff156                dato2
 .bss.Gears     0x1ffff157        0x1 ./source/StateMachine.o
                0x1ffff157                Gears
 .bss.i         0x1ffff158        0x1 ./source/StateMachine.o
                0x1ffff158                i
 .bss.index     0x1ffff159        0x1 ./source/StateMachine.o
                0x1ffff159                index
 *fill*         0x1ffff15a        0x2 
 .bss.s_lpuartHandle
                0x1ffff15c        0x8 ./drivers/fsl_lpuart.o
 .bss.s_lpuartIsr
                0x1ffff164        0x4 ./drivers/fsl_lpuart.o
 .bss.__Ciob    0x1ffff168       0xb4 c:/nxp/mcuxpressoide_10.2.0_759/ide/tools/bin/../lib/gcc/arm-none-eabi/7.2.1/../../../../arm-none-eabi/lib/thumb/v6-m\libcr_semihost_nf.a(__ciob.o)
                0x1ffff168                __Ciob
 .bss.errno     0x1ffff21c        0x4 c:/nxp/mcuxpressoide_10.2.0_759/ide/tools/bin/../lib/gcc/arm-none-eabi/7.2.1/../../../../arm-none-eabi/lib/thumb/v6-m\libcr_c.a(errno.o)
                0x1ffff21c                errno
 *(COMMON)
                0x1ffff220                . = ALIGN (0x4)
                0x1ffff220                _ebss = .
                [!provide]                PROVIDE (end, .)

.noinit_RAM2    0x400fe000        0x0
 *(.noinit.$RAM2*)
 *(.noinit.$USB_RAM*)
                0x400fe000                . = ALIGN (0x4)

.noinit         0x1ffff220        0x0
                0x1ffff220                _noinit = .
 *(.noinit*)
                0x1ffff220                . = ALIGN (0x4)
                0x1ffff220                _end_noinit = .
                0x00000400                _HeapSize = 0x400

.heap           0x1ffff220      0x400
                0x1ffff220                _pvHeapStart = .
                0x1ffff620                . = (. + _HeapSize)
 *fill*         0x1ffff220      0x400 
                0x1ffff620                . = ALIGN (0x4)
                0x1ffff620                _pvHeapLimit = .
                0x00000400                _StackSize = 0x400

.heap2stackfill
                0x1ffff620      0x400
                0x1ffffa20                . = (. + _StackSize)
 *fill*         0x1ffff620      0x400 

.stack          0x20002c00        0x0
                0x20002c00                _vStackBase = .
                0x20002c00                . = ALIGN (0x4)
                0x20003000                _vStackTop = (. + _StackSize)
                0x00000000                _image_start = LOADADDR (.text)
                0x000025d8                _image_end = (LOADADDR (.data) + SIZEOF (.data))
                0x000025d8                _image_size = (_image_end - _image_start)
OUTPUT(StateMachine.axf elf32-littlearm)

.debug_info     0x00000000     0x3fff
 .debug_info    0x00000000      0x49b ./startup/startup_mkl27z644.o
 .debug_info    0x0000049b      0x37a ./source/Debouncer.o
 .debug_info    0x00000815      0x345 ./source/DisplayControl.o
 .debug_info    0x00000b5a      0x489 ./source/Driver_Uart.o
 .debug_info    0x00000fe3      0x492 ./source/GPIODriver.o
 .debug_info    0x00001475      0x576 ./source/MotorDriver.o
 .debug_info    0x000019eb      0x1f6 ./source/Practica2Transmission.o
 .debug_info    0x00001be1      0x509 ./source/SpeedDometer.o
 .debug_info    0x000020ea      0x5a1 ./source/StateMachine.o
 .debug_info    0x0000268b       0x52 ./source/mtb.o
 .debug_info    0x000026dd       0x3b ./source/semihost_hardfault.o
 .debug_info    0x00002718     0x150b ./drivers/fsl_lpuart.o
 .debug_info    0x00003c23      0x3dc ./CMSIS/system_MKL27Z644.o

.debug_abbrev   0x00000000     0x1030
 .debug_abbrev  0x00000000      0x16d ./startup/startup_mkl27z644.o
 .debug_abbrev  0x0000016d      0x157 ./source/Debouncer.o
 .debug_abbrev  0x000002c4      0x1a6 ./source/DisplayControl.o
 .debug_abbrev  0x0000046a      0x131 ./source/Driver_Uart.o
 .debug_abbrev  0x0000059b      0x124 ./source/GPIODriver.o
 .debug_abbrev  0x000006bf      0x12f ./source/MotorDriver.o
 .debug_abbrev  0x000007ee       0xcf ./source/Practica2Transmission.o
 .debug_abbrev  0x000008bd      0x13e ./source/SpeedDometer.o
 .debug_abbrev  0x000009fb      0x1ae ./source/StateMachine.o
 .debug_abbrev  0x00000ba9       0x44 ./source/mtb.o
 .debug_abbrev  0x00000bed       0x2f ./source/semihost_hardfault.o
 .debug_abbrev  0x00000c1c      0x2d8 ./drivers/fsl_lpuart.o
 .debug_abbrev  0x00000ef4      0x13c ./CMSIS/system_MKL27Z644.o

.debug_aranges  0x00000000      0x4c8
 .debug_aranges
                0x00000000      0x160 ./startup/startup_mkl27z644.o
 .debug_aranges
                0x00000160       0x50 ./source/Debouncer.o
 .debug_aranges
                0x000001b0       0x40 ./source/DisplayControl.o
 .debug_aranges
                0x000001f0       0x30 ./source/Driver_Uart.o
 .debug_aranges
                0x00000220       0x20 ./source/GPIODriver.o
 .debug_aranges
                0x00000240       0x38 ./source/MotorDriver.o
 .debug_aranges
                0x00000278       0x20 ./source/Practica2Transmission.o
 .debug_aranges
                0x00000298       0x28 ./source/SpeedDometer.o
 .debug_aranges
                0x000002c0       0x88 ./source/StateMachine.o
 .debug_aranges
                0x00000348       0x18 ./source/mtb.o
 .debug_aranges
                0x00000360       0x20 ./source/semihost_hardfault.o
 .debug_aranges
                0x00000380      0x120 ./drivers/fsl_lpuart.o
 .debug_aranges
                0x000004a0       0x28 ./CMSIS/system_MKL27Z644.o

.debug_ranges   0x00000000      0x3f0
 .debug_ranges  0x00000000      0x150 ./startup/startup_mkl27z644.o
 .debug_ranges  0x00000150       0x40 ./source/Debouncer.o
 .debug_ranges  0x00000190       0x30 ./source/DisplayControl.o
 .debug_ranges  0x000001c0       0x20 ./source/Driver_Uart.o
 .debug_ranges  0x000001e0       0x10 ./source/GPIODriver.o
 .debug_ranges  0x000001f0       0x28 ./source/MotorDriver.o
 .debug_ranges  0x00000218       0x10 ./source/Practica2Transmission.o
 .debug_ranges  0x00000228       0x18 ./source/SpeedDometer.o
 .debug_ranges  0x00000240       0x78 ./source/StateMachine.o
 .debug_ranges  0x000002b8       0x10 ./source/semihost_hardfault.o
 .debug_ranges  0x000002c8      0x110 ./drivers/fsl_lpuart.o
 .debug_ranges  0x000003d8       0x18 ./CMSIS/system_MKL27Z644.o

.debug_macro    0x00000000      0x8d9
 .debug_macro   0x00000000       0x29 ./startup/startup_mkl27z644.o
 .debug_macro   0x00000029       0xa2 ./source/Debouncer.o
 .debug_macro   0x000000cb       0xd8 ./source/Debouncer.o
 .debug_macro   0x000001a3       0xa2 ./source/DisplayControl.o
 .debug_macro   0x00000245       0xa7 ./source/Driver_Uart.o
 .debug_macro   0x000002ec       0xa2 ./source/GPIODriver.o
 .debug_macro   0x0000038e       0x8f ./source/MotorDriver.o
 .debug_macro   0x0000041d       0xdd ./source/Practica2Transmission.o
 .debug_macro   0x000004fa       0x1c ./source/Practica2Transmission.o
 .debug_macro   0x00000516       0x8e ./source/SpeedDometer.o
 .debug_macro   0x000005a4       0xdd ./source/StateMachine.o
 .debug_macro   0x00000681       0x2f ./source/mtb.o
 .debug_macro   0x000006b0       0x82 ./source/mtb.o
 .debug_macro   0x00000732       0x10 ./source/mtb.o
 .debug_macro   0x00000742       0x11 ./source/semihost_hardfault.o
 .debug_macro   0x00000753       0xef ./drivers/fsl_lpuart.o
 .debug_macro   0x00000842       0x97 ./CMSIS/system_MKL27Z644.o

.debug_line     0x00000000     0x1da6
 .debug_line    0x00000000      0x12a ./startup/startup_mkl27z644.o
 .debug_line    0x0000012a      0x217 ./source/Debouncer.o
 .debug_line    0x00000341      0x276 ./source/DisplayControl.o
 .debug_line    0x000005b7      0x1b9 ./source/Driver_Uart.o
 .debug_line    0x00000770      0x1bb ./source/GPIODriver.o
 .debug_line    0x0000092b      0x1ca ./source/MotorDriver.o
 .debug_line    0x00000af5      0x20c ./source/Practica2Transmission.o
 .debug_line    0x00000d01      0x1aa ./source/SpeedDometer.o
 .debug_line    0x00000eab      0x4fc ./source/StateMachine.o
 .debug_line    0x000013a7       0x95 ./source/mtb.o
 .debug_line    0x0000143c       0x54 ./source/semihost_hardfault.o
 .debug_line    0x00001490      0x755 ./drivers/fsl_lpuart.o
 .debug_line    0x00001be5      0x1c1 ./CMSIS/system_MKL27Z644.o

.debug_str      0x00000000    0x36723
 .debug_str     0x00000000     0x3122 ./startup/startup_mkl27z644.o
                               0x3135 (size before relaxing)
 .debug_str     0x00003122    0x2979d ./source/Debouncer.o
                              0x2c668 (size before relaxing)
 .debug_str     0x0002c8bf       0xee ./source/DisplayControl.o
                              0x2c672 (size before relaxing)
 .debug_str     0x0002c9ad      0x20d ./source/Driver_Uart.o
                              0x2c401 (size before relaxing)
 .debug_str     0x0002cbba       0x2f ./source/GPIODriver.o
                              0x2c6a3 (size before relaxing)
 .debug_str     0x0002cbe9       0x8c ./source/MotorDriver.o
                              0x2c39f (size before relaxing)
 .debug_str     0x0002cc75       0x7a ./source/Practica2Transmission.o
                              0x2c626 (size before relaxing)
 .debug_str     0x0002ccef       0x6c ./source/SpeedDometer.o
                              0x2c3a8 (size before relaxing)
 .debug_str     0x0002cd5b      0x1b6 ./source/StateMachine.o
                              0x2c899 (size before relaxing)
 .debug_str     0x0002cf11      0x532 ./source/mtb.o
                               0x3213 (size before relaxing)
 .debug_str     0x0002d443       0x1f ./source/semihost_hardfault.o
                               0x2d00 (size before relaxing)
 .debug_str     0x0002d462     0x9253 ./drivers/fsl_lpuart.o
                              0x354da (size before relaxing)
 .debug_str     0x000366b5       0x6e ./CMSIS/system_MKL27Z644.o
                              0x33261 (size before relaxing)

.comment        0x00000000       0x7e
 .comment       0x00000000       0x7e ./startup/startup_mkl27z644.o
                                 0x7f (size before relaxing)
 .comment       0x0000007e       0x7f ./source/Debouncer.o
 .comment       0x0000007e       0x7f ./source/DisplayControl.o
 .comment       0x0000007e       0x7f ./source/Driver_Uart.o
 .comment       0x0000007e       0x7f ./source/GPIODriver.o
 .comment       0x0000007e       0x7f ./source/MotorDriver.o
 .comment       0x0000007e       0x7f ./source/Practica2Transmission.o
 .comment       0x0000007e       0x7f ./source/SpeedDometer.o
 .comment       0x0000007e       0x7f ./source/StateMachine.o
 .comment       0x0000007e       0x7f ./source/mtb.o
 .comment       0x0000007e       0x7f ./source/semihost_hardfault.o
 .comment       0x0000007e       0x7f ./drivers/fsl_lpuart.o
 .comment       0x0000007e       0x7f ./CMSIS/system_MKL27Z644.o
 .comment       0x0000007e       0x7f c:/nxp/mcuxpressoide_10.2.0_759/ide/tools/bin/../lib/gcc/arm-none-eabi/7.2.1/../../../../arm-none-eabi/lib/thumb/v6-m\libcr_semihost_nf.a(_cr__main.o)
 .comment       0x0000007e       0x7f c:/nxp/mcuxpressoide_10.2.0_759/ide/tools/bin/../lib/gcc/arm-none-eabi/7.2.1/../../../../arm-none-eabi/lib/thumb/v6-m\libcr_semihost_nf.a(__ciob.o)
 .comment       0x0000007e       0x7f c:/nxp/mcuxpressoide_10.2.0_759/ide/tools/bin/../lib/gcc/arm-none-eabi/7.2.1/../../../../arm-none-eabi/lib/thumb/v6-m\libcr_c.a(memset.o)
 .comment       0x0000007e       0x7f c:/nxp/mcuxpressoide_10.2.0_759/ide/tools/bin/../lib/gcc/arm-none-eabi/7.2.1/../../../../arm-none-eabi/lib/thumb/v6-m\libcr_c.a(_deferredlazyseek.o)
 .comment       0x0000007e       0x7f c:/nxp/mcuxpressoide_10.2.0_759/ide/tools/bin/../lib/gcc/arm-none-eabi/7.2.1/../../../../arm-none-eabi/lib/thumb/v6-m\libcr_c.a(_fflush.o)
 .comment       0x0000007e       0x7f c:/nxp/mcuxpressoide_10.2.0_759/ide/tools/bin/../lib/gcc/arm-none-eabi/7.2.1/../../../../arm-none-eabi/lib/thumb/v6-m\libcr_c.a(_writebuf.o)
 .comment       0x0000007e       0x7f c:/nxp/mcuxpressoide_10.2.0_759/ide/tools/bin/../lib/gcc/arm-none-eabi/7.2.1/../../../../arm-none-eabi/lib/thumb/v6-m\libcr_c.a(alloc.o)
 .comment       0x0000007e       0x7f c:/nxp/mcuxpressoide_10.2.0_759/ide/tools/bin/../lib/gcc/arm-none-eabi/7.2.1/../../../../arm-none-eabi/lib/thumb/v6-m\libcr_c.a(fseek.o)
 .comment       0x0000007e       0x7f c:/nxp/mcuxpressoide_10.2.0_759/ide/tools/bin/../lib/gcc/arm-none-eabi/7.2.1/../../../../arm-none-eabi/lib/thumb/v6-m\libcr_c.a(ftell.o)
 .comment       0x0000007e       0x7f c:/nxp/mcuxpressoide_10.2.0_759/ide/tools/bin/../lib/gcc/arm-none-eabi/7.2.1/../../../../arm-none-eabi/lib/thumb/v6-m\libcr_c.a(initio.o)
 .comment       0x0000007e       0x7f c:/nxp/mcuxpressoide_10.2.0_759/ide/tools/bin/../lib/gcc/arm-none-eabi/7.2.1/../../../../arm-none-eabi/lib/thumb/v6-m\libcr_c.a(setvbuf.o)
 .comment       0x0000007e       0x7f c:/nxp/mcuxpressoide_10.2.0_759/ide/tools/bin/../lib/gcc/arm-none-eabi/7.2.1/../../../../arm-none-eabi/lib/thumb/v6-m\libcr_c.a(strlen.o)
 .comment       0x0000007e       0x7f c:/nxp/mcuxpressoide_10.2.0_759/ide/tools/bin/../lib/gcc/arm-none-eabi/7.2.1/../../../../arm-none-eabi/lib/thumb/v6-m\libcr_c.a(_fdopen.o)
 .comment       0x0000007e       0x7f c:/nxp/mcuxpressoide_10.2.0_759/ide/tools/bin/../lib/gcc/arm-none-eabi/7.2.1/../../../../arm-none-eabi/lib/thumb/v6-m\libcr_c.a(errno.o)
 .comment       0x0000007e       0x7f c:/nxp/mcuxpressoide_10.2.0_759/ide/tools/bin/../lib/gcc/arm-none-eabi/7.2.1/../../../../arm-none-eabi/lib/thumb/v6-m\libcr_c.a(fclose.o)
 .comment       0x0000007e       0x7f c:/nxp/mcuxpressoide_10.2.0_759/ide/tools/bin/../lib/gcc/arm-none-eabi/7.2.1/../../../../arm-none-eabi/lib/thumb/v6-m\libcr_c.a(fflush.o)
 .comment       0x0000007e       0x7f c:/nxp/mcuxpressoide_10.2.0_759/ide/tools/bin/../lib/gcc/arm-none-eabi/7.2.1/../../../../arm-none-eabi/lib/thumb/v6-m\libcr_c.a(remove.o)
 .comment       0x0000007e       0x7f c:/nxp/mcuxpressoide_10.2.0_759/ide/tools/bin/../lib/gcc/arm-none-eabi/7.2.1/../../../../arm-none-eabi/lib/thumb/v6-m\libcr_c.a(_do_fflush.o)

.ARM.attributes
                0x00000000       0x30
 .ARM.attributes
                0x00000000       0x32 ./startup/startup_mkl27z644.o
 .ARM.attributes
                0x00000032       0x32 ./source/Debouncer.o
 .ARM.attributes
                0x00000064       0x32 ./source/DisplayControl.o
 .ARM.attributes
                0x00000096       0x32 ./source/Driver_Uart.o
 .ARM.attributes
                0x000000c8       0x32 ./source/GPIODriver.o
 .ARM.attributes
                0x000000fa       0x32 ./source/MotorDriver.o
 .ARM.attributes
                0x0000012c       0x32 ./source/Practica2Transmission.o
 .ARM.attributes
                0x0000015e       0x32 ./source/SpeedDometer.o
 .ARM.attributes
                0x00000190       0x32 ./source/StateMachine.o
 .ARM.attributes
                0x000001c2       0x32 ./source/mtb.o
 .ARM.attributes
                0x000001f4       0x32 ./source/semihost_hardfault.o
 .ARM.attributes
                0x00000226       0x32 ./drivers/fsl_lpuart.o
 .ARM.attributes
                0x00000258       0x32 ./CMSIS/system_MKL27Z644.o
 .ARM.attributes
                0x0000028a       0x31 c:/nxp/mcuxpressoide_10.2.0_759/ide/tools/bin/../lib/gcc/arm-none-eabi/7.2.1/../../../../arm-none-eabi/lib/thumb/v6-m\libcr_semihost_nf.a(_cr__main.o)
 .ARM.attributes
                0x000002bb       0x31 c:/nxp/mcuxpressoide_10.2.0_759/ide/tools/bin/../lib/gcc/arm-none-eabi/7.2.1/../../../../arm-none-eabi/lib/thumb/v6-m\libcr_semihost_nf.a(__ciob.o)
 .ARM.attributes
                0x000002ec       0x31 c:/nxp/mcuxpressoide_10.2.0_759/ide/tools/bin/../lib/gcc/arm-none-eabi/7.2.1/../../../../arm-none-eabi/lib/thumb/v6-m\libcr_c.a(memset.o)
 .ARM.attributes
                0x0000031d       0x31 c:/nxp/mcuxpressoide_10.2.0_759/ide/tools/bin/../lib/gcc/arm-none-eabi/7.2.1/../../../../arm-none-eabi/lib/thumb/v6-m\libcr_c.a(_deferredlazyseek.o)
 .ARM.attributes
                0x0000034e       0x31 c:/nxp/mcuxpressoide_10.2.0_759/ide/tools/bin/../lib/gcc/arm-none-eabi/7.2.1/../../../../arm-none-eabi/lib/thumb/v6-m\libcr_c.a(_fflush.o)
 .ARM.attributes
                0x0000037f       0x31 c:/nxp/mcuxpressoide_10.2.0_759/ide/tools/bin/../lib/gcc/arm-none-eabi/7.2.1/../../../../arm-none-eabi/lib/thumb/v6-m\libcr_c.a(_writebuf.o)
 .ARM.attributes
                0x000003b0       0x31 c:/nxp/mcuxpressoide_10.2.0_759/ide/tools/bin/../lib/gcc/arm-none-eabi/7.2.1/../../../../arm-none-eabi/lib/thumb/v6-m\libcr_c.a(alloc.o)
 .ARM.attributes
                0x000003e1       0x31 c:/nxp/mcuxpressoide_10.2.0_759/ide/tools/bin/../lib/gcc/arm-none-eabi/7.2.1/../../../../arm-none-eabi/lib/thumb/v6-m\libcr_c.a(fseek.o)
 .ARM.attributes
                0x00000412       0x31 c:/nxp/mcuxpressoide_10.2.0_759/ide/tools/bin/../lib/gcc/arm-none-eabi/7.2.1/../../../../arm-none-eabi/lib/thumb/v6-m\libcr_c.a(ftell.o)
 .ARM.attributes
                0x00000443       0x31 c:/nxp/mcuxpressoide_10.2.0_759/ide/tools/bin/../lib/gcc/arm-none-eabi/7.2.1/../../../../arm-none-eabi/lib/thumb/v6-m\libcr_c.a(initio.o)
 .ARM.attributes
                0x00000474       0x31 c:/nxp/mcuxpressoide_10.2.0_759/ide/tools/bin/../lib/gcc/arm-none-eabi/7.2.1/../../../../arm-none-eabi/lib/thumb/v6-m\libcr_c.a(setvbuf.o)
 .ARM.attributes
                0x000004a5       0x31 c:/nxp/mcuxpressoide_10.2.0_759/ide/tools/bin/../lib/gcc/arm-none-eabi/7.2.1/../../../../arm-none-eabi/lib/thumb/v6-m\libcr_c.a(strlen.o)
 .ARM.attributes
                0x000004d6       0x31 c:/nxp/mcuxpressoide_10.2.0_759/ide/tools/bin/../lib/gcc/arm-none-eabi/7.2.1/../../../../arm-none-eabi/lib/thumb/v6-m\libcr_c.a(_fdopen.o)
 .ARM.attributes
                0x00000507       0x31 c:/nxp/mcuxpressoide_10.2.0_759/ide/tools/bin/../lib/gcc/arm-none-eabi/7.2.1/../../../../arm-none-eabi/lib/thumb/v6-m\libcr_c.a(errno.o)
 .ARM.attributes
                0x00000538       0x31 c:/nxp/mcuxpressoide_10.2.0_759/ide/tools/bin/../lib/gcc/arm-none-eabi/7.2.1/../../../../arm-none-eabi/lib/thumb/v6-m\libcr_c.a(fclose.o)
 .ARM.attributes
                0x00000569       0x31 c:/nxp/mcuxpressoide_10.2.0_759/ide/tools/bin/../lib/gcc/arm-none-eabi/7.2.1/../../../../arm-none-eabi/lib/thumb/v6-m\libcr_c.a(fflush.o)
 .ARM.attributes
                0x0000059a       0x31 c:/nxp/mcuxpressoide_10.2.0_759/ide/tools/bin/../lib/gcc/arm-none-eabi/7.2.1/../../../../arm-none-eabi/lib/thumb/v6-m\libcr_c.a(remove.o)
 .ARM.attributes
                0x000005cb       0x31 c:/nxp/mcuxpressoide_10.2.0_759/ide/tools/bin/../lib/gcc/arm-none-eabi/7.2.1/../../../../arm-none-eabi/lib/thumb/v6-m\libcr_c.a(_do_fflush.o)
 .ARM.attributes
                0x000005fc       0x21 c:/nxp/mcuxpressoide_10.2.0_759/ide/tools/bin/../lib/gcc/arm-none-eabi/7.2.1/thumb/v6-m\libcr_eabihelpers.a(division_32.o)
 .ARM.attributes
                0x0000061d       0x21 c:/nxp/mcuxpressoide_10.2.0_759/ide/tools/bin/../lib/gcc/arm-none-eabi/7.2.1/thumb/v6-m\libcr_eabihelpers.a(division_idiv0.o)
 .ARM.attributes
                0x0000063e       0x21 c:/nxp/mcuxpressoide_10.2.0_759/ide/tools/bin/../lib/gcc/arm-none-eabi/7.2.1/thumb/v6-m\libcr_eabihelpers.a(memcpy.o)
 .ARM.attributes
                0x0000065f       0x21 c:/nxp/mcuxpressoide_10.2.0_759/ide/tools/bin/../lib/gcc/arm-none-eabi/7.2.1/../../../../arm-none-eabi/lib/thumb/v6-m\libcr_semihost_nf.a(__sys_close.o)
 .ARM.attributes
                0x00000680       0x21 c:/nxp/mcuxpressoide_10.2.0_759/ide/tools/bin/../lib/gcc/arm-none-eabi/7.2.1/../../../../arm-none-eabi/lib/thumb/v6-m\libcr_semihost_nf.a(__sys_flen.o)
 .ARM.attributes
                0x000006a1       0x21 c:/nxp/mcuxpressoide_10.2.0_759/ide/tools/bin/../lib/gcc/arm-none-eabi/7.2.1/../../../../arm-none-eabi/lib/thumb/v6-m\libcr_semihost_nf.a(__sys_istty.o)
 .ARM.attributes
                0x000006c2       0x21 c:/nxp/mcuxpressoide_10.2.0_759/ide/tools/bin/../lib/gcc/arm-none-eabi/7.2.1/../../../../arm-none-eabi/lib/thumb/v6-m\libcr_semihost_nf.a(__sys_remove.o)
 .ARM.attributes
                0x000006e3       0x21 c:/nxp/mcuxpressoide_10.2.0_759/ide/tools/bin/../lib/gcc/arm-none-eabi/7.2.1/../../../../arm-none-eabi/lib/thumb/v6-m\libcr_semihost_nf.a(__sys_seek.o)
 .ARM.attributes
                0x00000704       0x21 c:/nxp/mcuxpressoide_10.2.0_759/ide/tools/bin/../lib/gcc/arm-none-eabi/7.2.1/../../../../arm-none-eabi/lib/thumb/v6-m\libcr_semihost_nf.a(__sys_tmpnam.o)
 .ARM.attributes
                0x00000725       0x21 c:/nxp/mcuxpressoide_10.2.0_759/ide/tools/bin/../lib/gcc/arm-none-eabi/7.2.1/../../../../arm-none-eabi/lib/thumb/v6-m\libcr_semihost_nf.a(__sys_write.o)

.debug_frame    0x00000000      0xcfc
 .debug_frame   0x00000000      0x3b0 ./startup/startup_mkl27z644.o
 .debug_frame   0x000003b0       0xdc ./source/Debouncer.o
 .debug_frame   0x0000048c       0xa8 ./source/DisplayControl.o
 .debug_frame   0x00000534       0x6c ./source/Driver_Uart.o
 .debug_frame   0x000005a0       0x2c ./source/GPIODriver.o
 .debug_frame   0x000005cc       0x84 ./source/MotorDriver.o
 .debug_frame   0x00000650       0x2c ./source/Practica2Transmission.o
 .debug_frame   0x0000067c       0x4c ./source/SpeedDometer.o
 .debug_frame   0x000006c8      0x19c ./source/StateMachine.o
 .debug_frame   0x00000864       0x20 ./source/semihost_hardfault.o
 .debug_frame   0x00000884      0x42c ./drivers/fsl_lpuart.o
 .debug_frame   0x00000cb0       0x4c ./CMSIS/system_MKL27Z644.o
